﻿[dotenv@17.3.1] injecting env (6) from .env -- tip: ≡ƒ¢á∩╕Å  run anywhere with `dotenvx run -- yourcommand`
Testing connection to: mongodb+srv://avinaash:****@cluster0.k7kd2pn.mongodb.net/youtube?retryWrites=true&w=majority
node : CONNECTION 
FAILED:
At line:1 char:1
+ node test-db.js > 
test-output.txt 2>&1
+ ~~~~~~~~~~~~~~~~~~~
~~~~~~~~~~~~~~~~~~~
    + CategoryInfo   
           : NotSpe  
  cified: (CONNECT   
 ION FAILED::Stri    
ng) [], RemoteEx    
ception
    + FullyQualified 
   ErrorId : Native  
  CommandError
 
Name: MongooseServerS
electionError
Message: Could not 
connect to any 
servers in your 
MongoDB Atlas 
cluster. One common 
reason is that 
you're trying to 
access the database 
from an IP that 
isn't whitelisted. 
Make sure your 
current IP address 
is on your Atlas 
cluster's IP 
whitelist: https://ww
w.mongodb.com/docs/at
las/security-whitelis
t/
Reason: 
TopologyDescription {
  type: 'ReplicaSetNo
Primary',
  servers: Map(3) {
    'ac-zwwxxtm-shard
-00-00.k7kd2pn.mongod
b.net:27017' => 
ServerDescription {
      address: 'ac-zw
wxxtm-shard-00-00.k7k
d2pn.mongodb.net:2701
7',
      type: 
'Unknown',
      hosts: [],
      passives: [],
      arbiters: [],
      tags: {},
      
minWireVersion: 0,
      
maxWireVersion: 0,
      roundTripTime: 
-1,
      
minRoundTripTime: 0,
      
lastUpdateTime: 
1689913638,
      lastWriteDate: 
0,
      error: 
[MongoNetworkError],
      
topologyVersion: 
null,
      setName: null,
      setVersion: 
null,
      electionId: 
null,
      logicalSessionT
imeoutMinutes: null,
      
maxMessageSizeBytes: 
null,
      
maxWriteBatchSize: 
null,
      
maxBsonObjectSize: 
null,
      primary: null,
      me: null,
      
'$clusterTime': null,
      iscryptd: false
    },
    'ac-zwwxxtm-shard
-00-01.k7kd2pn.mongod
b.net:27017' => 
ServerDescription {
      address: 'ac-zw
wxxtm-shard-00-01.k7k
d2pn.mongodb.net:2701
7',
      type: 
'Unknown',
      hosts: [],
      passives: [],
      arbiters: [],
      tags: {},
      
minWireVersion: 0,
      
maxWireVersion: 0,
      roundTripTime: 
-1,
      
minRoundTripTime: 0,
      
lastUpdateTime: 
1689913646,
      lastWriteDate: 
0,
      error: 
[MongoNetworkError],
      
topologyVersion: 
null,
      setName: null,
      setVersion: 
null,
      electionId: 
null,
      logicalSessionT
imeoutMinutes: null,
      
maxMessageSizeBytes: 
null,
      
maxWriteBatchSize: 
null,
      
maxBsonObjectSize: 
null,
      primary: null,
      me: null,
      
'$clusterTime': null,
      iscryptd: false
    },
    'ac-zwwxxtm-shard
-00-02.k7kd2pn.mongod
b.net:27017' => 
ServerDescription {
      address: 'ac-zw
wxxtm-shard-00-02.k7k
d2pn.mongodb.net:2701
7',
      type: 
'Unknown',
      hosts: [],
      passives: [],
      arbiters: [],
      tags: {},
      
minWireVersion: 0,
      
maxWireVersion: 0,
      roundTripTime: 
-1,
      
minRoundTripTime: 0,
      
lastUpdateTime: 
1689913692,
      lastWriteDate: 
0,
      error: 
[MongoNetworkError],
      
topologyVersion: 
null,
      setName: null,
      setVersion: 
null,
      electionId: 
null,
      logicalSessionT
imeoutMinutes: null,
      
maxMessageSizeBytes: 
null,
      
maxWriteBatchSize: 
null,
      
maxBsonObjectSize: 
null,
      primary: null,
      me: null,
      
'$clusterTime': null,
      iscryptd: false
    }
  },
  stale: false,
  compatible: true,
  heartbeatFrequencyM
S: 10000,
  localThresholdMS: 
15,
  setName: 'atlas-szx
1qe-shard-0',
  maxElectionId: 
null,
  maxSetVersion: 
null,
  commonWireVersion: 
0,
  logicalSessionTimeo
utMinutes: null
}
